// Jest Snapshot v1, https://goo.gl/fbAQLP

exports[`OptionSelector render correctly 1`] = `
<View
  style={
    Array [
      Object {
        "backgroundColor": "rgba(0,0,0, 0.8)",
        "borderRadius": 10,
        "flexDirection": "row",
      },
      Object {
        "width": 600,
      },
    ]
  }
>
  <View
    style={
      Object {
        "backgroundColor": "rgb(183,32,33)",
        "borderRadius": 10,
        "bottom": 0,
        "left": 0,
        "position": "absolute",
        "top": 0,
        "width": 150,
      }
    }
  />
  <View
    accessible={true}
    isTVSelectable={true}
    onResponderGrant={[Function]}
    onResponderMove={[Function]}
    onResponderRelease={[Function]}
    onResponderTerminate={[Function]}
    onResponderTerminationRequest={[Function]}
    onStartShouldSetResponder={[Function]}
    style={
      Object {
        "alignItems": "center",
        "borderRadius": 10,
        "flex": 1,
        "opacity": 1,
        "paddingVertical": 10,
      }
    }
  >
    <Text
      style={
        Object {
          "color": "#ffffff",
          "fontSize": 12,
          "fontWeight": "500",
        }
      }
    >
      24 timer
    </Text>
  </View>
  <View
    accessible={true}
    isTVSelectable={true}
    onResponderGrant={[Function]}
    onResponderMove={[Function]}
    onResponderRelease={[Function]}
    onResponderTerminate={[Function]}
    onResponderTerminationRequest={[Function]}
    onStartShouldSetResponder={[Function]}
    style={
      Object {
        "alignItems": "center",
        "borderRadius": 10,
        "flex": 1,
        "opacity": 1,
        "paddingVertical": 10,
      }
    }
  >
    <Text
      style={
        Object {
          "color": "#ffffff",
          "fontSize": 12,
          "fontWeight": "500",
        }
      }
    >
      48 timer
    </Text>
  </View>
  <View
    accessible={true}
    isTVSelectable={true}
    onResponderGrant={[Function]}
    onResponderMove={[Function]}
    onResponderRelease={[Function]}
    onResponderTerminate={[Function]}
    onResponderTerminationRequest={[Function]}
    onStartShouldSetResponder={[Function]}
    style={
      Object {
        "alignItems": "center",
        "borderRadius": 10,
        "flex": 1,
        "opacity": 1,
        "paddingVertical": 10,
      }
    }
  >
    <Text
      style={
        Object {
          "color": "#ffffff",
          "fontSize": 12,
          "fontWeight": "500",
        }
      }
    >
      3 døgn
    </Text>
  </View>
  <View
    accessible={true}
    isTVSelectable={true}
    onResponderGrant={[Function]}
    onResponderMove={[Function]}
    onResponderRelease={[Function]}
    onResponderTerminate={[Function]}
    onResponderTerminationRequest={[Function]}
    onStartShouldSetResponder={[Function]}
    style={
      Object {
        "alignItems": "center",
        "borderRadius": 10,
        "flex": 1,
        "opacity": 1,
        "paddingVertical": 10,
      }
    }
  >
    <Text
      style={
        Object {
          "color": "#ffffff",
          "fontSize": 12,
          "fontWeight": "500",
        }
      }
    >
      4 døgn
    </Text>
  </View>
</View>
`;
